00200004  lbm/scclrtab.ct
00400002  lbm/title.ani
00600007  arilou.lst
00800107  chmmr.lst
00a00207  human.lst
00c00307  orz.lst
00e00407  pkunk.lst
01000507  shofixti.lst
01200607  spathi.lst
01400707  supox.lst
01600807  thradd.lst
01800907  utwig.lst
01a00a07  vux.lst
01c00b07  yehat.lst
01e00c07  melnorme.lst
02000d07  druuge.lst
02200e07  ilwrath.lst
02400f07  mycon.lst
02601007  slylandr.lst
02801107  umgah.lst
02a01207  urquan.lst
02c01307  zoqfot.lst
02e01407  syreen.lst
03001507  blackurq.lst
03201607  androsyn.lst
03401707  chenjesu.lst
03601807  mmrnmhrm.lst
03800003  lbm/starcon.fon
03800102  lbm/status.ani
03800103  lbm/tiny.fon
03800104  lbm/starcon.txt
03800202  lbm/activity.ani
03a00302  lbm/playmenu.ani
03c00203  lbm/micro.fon
03e00402  lbm/flagstat.ani
03e00502  lbm/miscdata.ani
04000005  lbm/menusnd.snd
04200105  lbm/gamesnd.snd
04400602  lbm/stars.ani
04400702  lbm/astbig.ani
04400802  lbm/astmed.ani
04400902  lbm/astsml.ani
04400a02  lbm/blabig.ani
04400b02  lbm/blamed.ani
04400c02  lbm/blasml.ani
04400d02  lbm/boobig.ani
04400e02  lbm/boomed.ani
04400f02  lbm/boosml.ani
04601002  lbm/ambanim.ani
04800204  lbm/hyperpal.ct
04801102  lbm/hyperstr.ani
04a00304  lbm/arispace.ct
04a01202  lbm/arispace.ani
04c00006  lbm/hyper.mod
04e00106  lbm/arispace.mod
05001302  ipanims/obbkgnd.ani
05200404  ipanims/orbplan.ct
05201402  ipanims/sis_ip.ani
05201502  ipanims/orbplan.ani
05201602  ipanims/ip_sun.ani
05400205  ipanims/landsnds.snd
05401702  ipanims/lander.ani
05401802  ipanims/quake.ani
05401902  ipanims/lightnin.ani
05401a02  ipanims/lavaspot.ani
05401b02  ipanims/lndrshld.ani
05401c02  ipanims/launch.ani
05401d02  ipanims/return.ani
05601e02  ipanims/orbview.ani
05801f02  ipanims/eartmask.ani
05a02002  ipanims/lifecan.ani
05c02102  ipanims/lifea.ani
05e02202  ipanims/lifeb.ani
06002302  ipanims/lifec.ani
06202402  ipanims/lifed.ani
06402502  ipanims/lifee.ani
06602602  ipanims/lifef.ani
06802702  ipanims/lifeg.ani
06a02802  ipanims/lifeh.ani
06c02902  ipanims/lifei.ani
06e02a02  ipanims/lifej.ani
07002b02  ipanims/lifek.ani
07202c02  ipanims/lifel.ani
07402d02  ipanims/lifem.ani
07602e02  ipanims/lifen.ani
07802f02  ipanims/lifeo.ani
07a03002  ipanims/lifep.ani
07c03102  ipanims/lifeq.ani
07e03202  ipanims/lifer.ani
08003302  ipanims/lifes.ani
08203402  ipanims/lifet.ani
08403502  ipanims/lifew.ani
08603602  ipanims/lifex.ani
08803702  ipanims/lifey.ani
08a03802  ipanims/lifeu.ani
08c03902  ipanims/lifev.ani
08e03a02  ipanims/lifez.ani
09000504  ipanims/str_cts_.ct
09000604  ipanims/mtl2xlts.xlt
09200704  ipanims/wr1_cts_.ct
09400804  ipanims/rst_xlts.xlt
09600904  ipanims/co2_cts_.ct
09800a04  ipanims/bnd_xlts.xlt
09a00b04  ipanims/ylgscts_.ct
09c00c04  ipanims/lll_cts_.ct
09e00d04  ipanims/ylgscts_.ct
0a000e04  ipanims/den_xlts.xlt
0a200f04  ipanims/mtl_cts_.ct
0a201004  ipanims/mtl1xlts.xlt
0a401104  ipanims/rrr_cts_.ct
0a601204  ipanims/ice_cts_.ct
0a801304  ipanims/ice_xlts.xlt
0aa01404  ipanims/qqq_cts_.ct
0ac01504  ipanims/rst_cts_.ct
0ae01604  ipanims/bnd_cts_.ct
0b001704  ipanims/rdx_cts_.ct
0b201804  ipanims/nnn_cts_.ct
0b401904  ipanims/qqq_cts_.ct
0b601a04  ipanims/rrr_cts_.ct
0b801b04  ipanims/den_cts_.ct
0ba01c04  ipanims/blgscts_.ct
0bc01d04  ipanims/www_cts_.ct
0be01e04  ipanims/grv_cts_.ct
0be01f04  ipanims/grv_xlts.xlt
0c002004  ipanims/vigscts_.ct
0c202104  ipanims/kkk_cts_.ct
0c402204  ipanims/prgscts_.ct
0c602304  ipanims/dst_cts_.ct
0c802404  ipanims/dst_cts_.ct
0ca02504  ipanims/jjj_cts_.ct
0cc02604  ipanims/dst_cts_.ct
0ce02704  ipanims/lit_cts_.ct
0d002804  ipanims/ylgscts_.ct
0d202904  ipanims/vigscts_.ct
0d402a04  ipanims/vigscts_.ct
0d602b04  ipanims/orgscts_.ct
0d802c04  ipanims/rai_cts_.ct
0d802d04  ipanims/rai_xlts.xlt
0da02e04  ipanims/hel_cts_.ct
0da02f04  ipanims/hel_xlts.xlt
0dc03004  ipanims/cry_cts_.ct
0de03104  ipanims/cry_xlts.xlt
0e003204  ipanims/bnd_cts_.ct
0e203304  ipanims/cygscts_.ct
0e403404  ipanims/rdx_cts_.ct
0e403504  ipanims/rdx1xlts.xlt
0e603604  ipanims/co2_cts_.ct
0e803704  ipanims/eme_cts_.ct
0ea03804  ipanims/rst_cts_.ct
0ec03904  ipanims/h2o_xlts.xlt
0ee03a04  ipanims/rdx_cts_.ct
0f003b04  ipanims/h2o_cts_.ct
0f203c04  ipanims/h2o_cts_.ct
0f403d04  ipanims/www_cts_.ct
0f603e04  ipanims/co2_cts_.ct
0f803f04  ipanims/wr1_cts_.ct
0fa04004  ipanims/rub_cts_.ct
0fc04104  ipanims/rrr_cts_.ct
0fe04204  ipanims/bbb_cts_.ct
10004304  ipanims/gasg.xlt
10204404  ipanims/blugasgi.ct
10404504  ipanims/cyagasgi.ct
10604604  ipanims/grngasgi.ct
10804704  ipanims/grygasgi.ct
10a04804  ipanims/oragasgi.ct
10c04904  ipanims/purgasgi.ct
10e04a04  ipanims/redgasgi.ct
11004b04  ipanims/viogasgi.ct
11204c04  ipanims/yelgasgi.ct
11400303  ipanims/lander.fon
11603b02  ipanims/moonbase.ani
11604d04  ipanims/moonbase.txt
11803c02  ipanims/maidens.ani
11804e04  ipanims/maidens.txt
11a04f04  ipanims/chmmrbas.txt
11c03d02  ipanims/aquhelix.ani
11c05004  ipanims/aquhelix.txt
11e03e02  ipanims/drutrans.ani
11e05104  ipanims/drutrans.txt
12003f02  ipanims/taadevic.ani
12005204  ipanims/taadevic.txt
12204002  ipanims/sundevic.ani
12205304  ipanims/sundevic.txt
12404102  ipanims/syrvault.ani
12405404  ipanims/syrvault.txt
12604202  ipanims/urqwreck.ani
12605504  ipanims/urqwreck.txt
12804302  ipanims/utwbomb.ani
12805604  ipanims/utwbomb.txt
12a05704  ipanims/vuxbeast.txt
12c04402  ipanims/eggcase.ani
12c05804  ipanims/eggcase.txt
12e04502  ipanims/spapluto.ani
12e05904  ipanims/spapluto.txt
13005a04  ipanims/burruins.txt
13205b04  ipanims/andruins.txt
13405c04  ipanims/sphere.txt
13605d04  ipanims/spindle.txt
13804602  ipanims/ruins.ani
13a05e04  ipanims/ruins.txt
13c04702  ipanims/umgtrans.ani
13c05f04  ipanims/umgtrans.txt
13e00206  ipanims/space.mod
14000306  ipanims/orbit1.mod
14000406  ipanims/orbit2.mod
14000506  ipanims/orbit3.mod
14000606  ipanims/orbit4.mod
14000706  ipanims/orbit5.mod
14204802  melee/melebkgd.ani
14404902  melee/melee.ani
14600806  lbm/redalert.mod
14604a02  lbm/segue.ani
14804b02  lbm/pickship.ani
14a01907  comm/arilou.lst
14c01a07  comm/chmmr.lst
14e01b07  comm/comandr.lst
15001c07  comm/orz.lst
15201d07  comm/pkunk.lst
15401e07  comm/shofixt.lst
15601f07  comm/spathi.lst
15802007  comm/supox.lst
15a02107  comm/thradd.lst
15c02207  comm/utwig.lst
15e02307  comm/vux.lst
16002407  comm/yehat.lst
16202507  comm/melnorm.lst
16402607  comm/druuge.lst
16602707  comm/ilwrath.lst
16802807  comm/mycon.lst
16a02907  comm/slyland.lst
16c02a07  comm/umgah.lst
16e02b07  comm/urquan.lst
17002c07  comm/zoqfot.lst
17202d07  comm/syreen.lst
17402e07  comm/blackur.lst
17602f07  comm/talkpet.lst
17803007  comm/slyhome.lst
17a00403  lbm/player.fon
17c03107  sis.lst
17e03207  lastbat.lst
18003307  probe.lst
18204c02  lbm/newgame.ani
18404d02  lbm/modules.ani
18604e02  lbm/sismods.ani
18604f02  lbm/outfit.ani
18800906  lbm/outfit.mod
18a05002  lbm/sisblu.ani
18a05102  lbm/shipyard.ani
18c00a06  lbm/shipyard.mod
18e00b06  lbm/starbase.mod
18e05202  lbm/starbase.ani
19005302  lbm/sam__big.ani
19205402  lbm/shie_big.ani
19205502  lbm/shie_med.ani
19205602  lbm/shie_sml.ani
19405702  lbm/ool__big.ani
19405802  lbm/ool__med.ani
19405902  lbm/ool__sml.ani
19605a02  lbm/ytt__big.ani
19605b02  lbm/ytt__med.ani
19605c02  lbm/ytt__sml.ani
19805d02  lbm/deg__big.ani
19805e02  lbm/deg__med.ani
19805f02  lbm/deg__sml.ani
19a06002  lbm/lan__big.ani
19a06102  lbm/lan__med.ani
19a06202  lbm/lan__sml.ani
19c06302  lbm/tre__big.ani
19c06402  lbm/tre__med.ani
19c06502  lbm/tre__sml.ani
19e06602  lbm/ure__big.ani
19e06702  lbm/ure__med.ani
19e06802  lbm/ure__sml.ani
1a006902  lbm/mtl__big.ani
1a006a02  lbm/mtl__med.ani
1a006b02  lbm/mtl__sml.ani
1a206c02  lbm/rad__big.ani
1a206d02  lbm/rad__med.ani
1a206e02  lbm/rad__sml.ani
1a406f02  lbm/opa__big.ani
1a407002  lbm/opa__med.ani
1a407102  lbm/opa__sml.ani
1a607202  lbm/cya__big.ani
1a607302  lbm/cya__med.ani
1a607402  lbm/cya__sml.ani
1a807502  lbm/aci__big.ani
1a807602  lbm/aci__med.ani
1a807702  lbm/aci__sml.ani
1aa07802  lbm/alk__big.ani
1aa07902  lbm/alk__med.ani
1aa07a02  lbm/alk__sml.ani
1ac07b02  lbm/hal__big.ani
1ac07c02  lbm/hal__med.ani
1ac07d02  lbm/hal__sml.ani
1ae07e02  lbm/gre__big.ani
1ae07f02  lbm/gre__med.ani
1ae08002  lbm/gre__sml.ani
1b008102  lbm/cop__big.ani
1b008202  lbm/cop__med.ani
1b008302  lbm/cop__sml.ani
1b208402  lbm/car__big.ani
1b208502  lbm/car__med.ani
1b208602  lbm/car__sml.ani
1b408702  lbm/ult__big.ani
1b408802  lbm/ult__med.ani
1b408902  lbm/ult__sml.ani
1b608a02  lbm/nob__big.ani
1b608b02  lbm/nob__med.ani
1b608c02  lbm/nob__sml.ani
1b808d02  lbm/azu__big.ani
1b808e02  lbm/azu__med.ani
1b808f02  lbm/azu__sml.ani
1ba09002  lbm/cho__big.ani
1ba09102  lbm/cho__med.ani
1ba09202  lbm/cho__sml.ani
1bc09302  lbm/pur__big.ani
1bc09402  lbm/pur__med.ani
1bc09502  lbm/pur__sml.ani
1be09602  lbm/sup__big.ani
1be09702  lbm/sup__med.ani
1be09802  lbm/sup__sml.ani
1c009902  lbm/pel__big.ani
1c009a02  lbm/pel__med.ani
1c009b02  lbm/pel__sml.ani
1c209c02  lbm/dus__big.ani
1c209d02  lbm/dus__med.ani
1c209e02  lbm/dus__sml.ani
1c409f02  lbm/mar__big.ani
1c40a002  lbm/mar__med.ani
1c40a102  lbm/mar__sml.ani
1c60a202  lbm/cim__big.ani
1c60a302  lbm/cim__med.ani
1c60a402  lbm/cim__sml.ani
1c80a502  lbm/inf__big.ani
1c80a602  lbm/inf__med.ani
1c80a702  lbm/inf__sml.ani
1ca0a802  lbm/sel__big.ani
1ca0a902  lbm/sel__med.ani
1ca0aa02  lbm/sel__sml.ani
1cc0ab02  lbm/aur__big.ani
1cc0ac02  lbm/aur__med.ani
1cc0ad02  lbm/aur__sml.ani
1ce0ae02  lbm/flu__big.ani
1ce0af02  lbm/flu__med.ani
1ce0b002  lbm/flu__sml.ani
1d00b102  lbm/ult__big.ani
1d00b202  lbm/ult__med.ani
1d00b302  lbm/ult__sml.ani
1d20b402  lbm/plu__big.ani
1d20b502  lbm/plu__med.ani
1d20b602  lbm/plu__sml.ani
1d40b702  lbm/rai__big.ani
1d40b802  lbm/rai__med.ani
1d40b902  lbm/rai__sml.ani
1d60ba02  lbm/cra__big.ani
1d60bb02  lbm/cra__med.ani
1d60bc02  lbm/cra__sml.ani
1d80bd02  lbm/sap__big.ani
1d80be02  lbm/sap__med.ani
1d80bf02  lbm/sap__sml.ani
1da0c002  lbm/org__big.ani
1da0c102  lbm/org__med.ani
1da0c202  lbm/org__sml.ani
1dc0c302  lbm/xen__big.ani
1dc0c402  lbm/xen__med.ani
1dc0c502  lbm/xen__sml.ani
1de0c602  lbm/red__big.ani
1de0c702  lbm/red__med.ani
1de0c802  lbm/red__sml.ani
1e00c902  lbm/pri__big.ani
1e00ca02  lbm/pri__med.ani
1e00cb02  lbm/pri__sml.ani
1e20cc02  lbm/eme__big.ani
1e20cd02  lbm/eme__med.ani
1e20ce02  lbm/eme__sml.ani
1e40cf02  lbm/chl__big.ani
1e40d002  lbm/chl__med.ani
1e40d102  lbm/chl__sml.ani
1e60d202  lbm/mgn__big.ani
1e60d302  lbm/mgn__med.ani
1e60d402  lbm/mgn__sml.ani
1e80d502  lbm/wat__big.ani
1e80d602  lbm/wat__med.ani
1e80d702  lbm/wat__sml.ani
1ea0d802  lbm/tel__big.ani
1ea0d902  lbm/tel__med.ani
1ea0da02  lbm/tel__sml.ani
1ec0db02  lbm/hyd__big.ani
1ec0dc02  lbm/hyd__med.ani
1ec0dd02  lbm/hyd__sml.ani
1ee0de02  lbm/iod__big.ani
1ee0df02  lbm/iod__med.ani
1ee0e002  lbm/iod__sml.ani
1f00e102  lbm/vin__big.ani
1f00e202  lbm/vin__med.ani
1f00e302  lbm/vin__sml.ani
1f20e402  lbm/rub__big.ani
1f20e502  lbm/rub__med.ani
1f20e602  lbm/rub__sml.ani
1f40e702  lbm/mgm__big.ani
1f40e802  lbm/mgm__med.ani
1f40e902  lbm/mgm__sml.ani
1f60ea02  lbm/cri__big.ani
1f60eb02  lbm/cri__med.ani
1f60ec02  lbm/cri__sml.ani
1f80ed02  lbm/blg__big.ani
1f80ee02  lbm/blg__med.ani
1f80ef02  lbm/blg__sml.ani
1fa0f002  lbm/cyg__big.ani
1fa0f102  lbm/cyg__med.ani
1fa0f202  lbm/cyg__sml.ani
1fc0f302  lbm/gng__big.ani
1fc0f402  lbm/gng__med.ani
1fc0f502  lbm/gng__sml.ani
1fe0f602  lbm/gyg__big.ani
1fe0f702  lbm/gyg__med.ani
1fe0f802  lbm/gyg__sml.ani
2000f902  lbm/org__big.ani
2000fa02  lbm/org__med.ani
2000fb02  lbm/org__sml.ani
2020fc02  lbm/pug__big.ani
2020fd02  lbm/pug__med.ani
2020fe02  lbm/pug__sml.ani
2040ff02  lbm/reg__big.ani
20410002  lbm/reg__med.ani
20410102  lbm/reg__sml.ani
20610202  lbm/vig__big.ani
20610302  lbm/vig__med.ani
20610402  lbm/vig__sml.ani
20810502  lbm/yeg__big.ani
20810602  lbm/yeg__med.ani
20810702  lbm/yeg__sml.ani
20a00c06  lbm/battle.mod
20c10802  lbm/credit00.ani
20e10902  lbm/credit01.ani
21010a02  lbm/credit02.ani
21210b02  lbm/credit03.ani
21410c02  lbm/credit04.ani
21610d02  lbm/credit05.ani
21810e02  lbm/credit06.ani
21a10f02  lbm/credit07.ani
21c11002  lbm/credit08.ani
21e11102  lbm/credit09.ani
22011202  lbm/credit10.ani
22211302  lbm/credit11.ani
22411402  lbm/credit12.ani
22611502  lbm/credit13.ani
22811602  lbm/credit14.ani
22a11702  lbm/credit15.ani
22c11802  lbm/credit16.ani
22e11902  lbm/credit17.ani
23011a02  lbm/credit18.ani
23211b02  lbm/credit19.ani
23400d06  lbm/credits.mod
