  1   0 4 lbm/scclrtab.ct
  2   0 2 lbm/title.ani
  3   0 7 arilou.lst
  4   1 7 chmmr.lst
  5   2 7 human.lst
  6   3 7 orz.lst
  7   4 7 pkunk.lst
  8   5 7 shofixti.lst
  9   6 7 spathi.lst
 10   7 7 supox.lst
 11   8 7 thradd.lst
 12   9 7 utwig.lst
 13  10 7 vux.lst
 14  11 7 yehat.lst
 15  12 7 melnorme.lst
 16  13 7 druuge.lst
 17  14 7 ilwrath.lst
 18  15 7 mycon.lst
 19  16 7 slylandr.lst
 20  17 7 umgah.lst
 21  18 7 urquan.lst
 22  19 7 zoqfot.lst
 23  20 7 syreen.lst
 24  21 7 blackurq.lst
 25  22 7 androsyn.lst
 26  23 7 chenjesu.lst
 27  24 7 mmrnmhrm.lst
 28   0 3 lbm/starcon.fon
 28   1 2 lbm/status.ani
 28   1 3 lbm/tiny.fon
 28   1 4 lbm/starcon.txt
 28   2 2 lbm/activity.ani
 29   3 2 lbm/playmenu.ani
 30   2 3 lbm/micro.fon
 31   4 2 lbm/flagstat.ani
 31   5 2 lbm/miscdata.ani
 31 287 2 lbm/fontgrad.ani
 32   0 5 lbm/menusnd.snd
 33   1 5 lbm/gamesnd.snd
 34   6 2 lbm/stars.ani
 34   7 2 lbm/astbig.ani
 34   8 2 lbm/astmed.ani
 34   9 2 lbm/astsml.ani
 34  10 2 lbm/blabig.ani
 34  11 2 lbm/blamed.ani
 34  12 2 lbm/blasml.ani
 34  13 2 lbm/boobig.ani
 34  14 2 lbm/boomed.ani
 34  15 2 lbm/boosml.ani
 35  16 2 lbm/ambanim.ani
 36   2 4 lbm/hyperpal.ct
 36  17 2 lbm/hyperstr.ani
 37   3 4 lbm/arispace.ct
 37  18 2 lbm/arispace.ani
 38   0 6 lbm/hyper.mod
 39   1 6 lbm/arispace.mod
 40  19 2 ipanims/obbkgnd.ani
 41   4 4 ipanims/orbplan.ct
 41  20 2 ipanims/sis_ip.ani
 41  21 2 ipanims/orbplan.ani
 41  22 2 ipanims/ip_sun.ani
 41  96 4 ipanims/ip_sun.ct
 42   2 5 ipanims/landsnds.snd
 42  23 2 ipanims/lander.ani
 42  24 2 ipanims/quake.ani
 42  25 2 ipanims/lightnin.ani
 42  26 2 ipanims/lavaspot.ani
 42  27 2 ipanims/lndrshld.ani
 42  28 2 ipanims/launch.ani
 42  29 2 ipanims/return.ani
 43  30 2 ipanims/orbview.ani
 44  31 2 ipanims/eartmask.ani
 45  32 2 ipanims/lifecan.ani
 46  33 2 ipanims/lifea.ani
 47  34 2 ipanims/lifeb.ani
 48  35 2 ipanims/lifec.ani
 49  36 2 ipanims/lifed.ani
 50  37 2 ipanims/lifee.ani
 51  38 2 ipanims/lifef.ani
 52  39 2 ipanims/lifeg.ani
 53  40 2 ipanims/lifeh.ani
 54  41 2 ipanims/lifei.ani
 55  42 2 ipanims/lifej.ani
 56  43 2 ipanims/lifek.ani
 57  44 2 ipanims/lifel.ani
 58  45 2 ipanims/lifem.ani
 59  46 2 ipanims/lifen.ani
 60  47 2 ipanims/lifeo.ani
 61  48 2 ipanims/lifep.ani
 62  49 2 ipanims/lifeq.ani
 63  50 2 ipanims/lifer.ani
 64  51 2 ipanims/lifes.ani
 65  52 2 ipanims/lifet.ani
 66  53 2 ipanims/lifew.ani
 67  54 2 ipanims/lifex.ani
 68  55 2 ipanims/lifey.ani
 69  56 2 ipanims/lifeu.ani
 70  57 2 ipanims/lifev.ani
 71  58 2 ipanims/lifez.ani
 72   5 4 ipanims/str_cts_.ct
 72   6 4 ipanims/mtl2xlts.xlt
 73   7 4 ipanims/wr1_cts_.ct
 74   8 4 ipanims/rst_xlts.xlt
 75   9 4 ipanims/co2_cts_.ct
 76  10 4 ipanims/bnd_xlts.xlt
 77  11 4 ipanims/ylgscts_.ct
 78  12 4 ipanims/lll_cts_.ct
 79  13 4 ipanims/ylgscts_.ct
 80  14 4 ipanims/den_xlts.xlt
 81  15 4 ipanims/mtl_cts_.ct
 81  16 4 ipanims/mtl1xlts.xlt
 82  17 4 ipanims/rrr_cts_.ct
 83  18 4 ipanims/ice_cts_.ct
 84  19 4 ipanims/ice_xlts.xlt
 85  20 4 ipanims/qqq_cts_.ct
 86  21 4 ipanims/rst_cts_.ct
 87  22 4 ipanims/bnd_cts_.ct
 88  23 4 ipanims/rdx_cts_.ct
 89  24 4 ipanims/nnn_cts_.ct
 90  25 4 ipanims/qqq_cts_.ct
 91  26 4 ipanims/rrr_cts_.ct
 92  27 4 ipanims/den_cts_.ct
 93  28 4 ipanims/blgscts_.ct
 94  29 4 ipanims/www_cts_.ct
 95  30 4 ipanims/grv_cts_.ct
 95  31 4 ipanims/grv_xlts.xlt
 96  32 4 ipanims/vigscts_.ct
 97  33 4 ipanims/kkk_cts_.ct
 98  34 4 ipanims/prgscts_.ct
 99  35 4 ipanims/dst_cts_.ct
100  36 4 ipanims/dst_cts_.ct
101  37 4 ipanims/jjj_cts_.ct
102  38 4 ipanims/dst_cts_.ct
103  39 4 ipanims/lit_cts_.ct
104  40 4 ipanims/ylgscts_.ct
105  41 4 ipanims/vigscts_.ct
106  42 4 ipanims/vigscts_.ct
107  43 4 ipanims/orgscts_.ct
108  44 4 ipanims/rai_cts_.ct
108  45 4 ipanims/rai_xlts.xlt
109  46 4 ipanims/hel_cts_.ct
109  47 4 ipanims/hel_xlts.xlt
110  48 4 ipanims/cry_cts_.ct
111  49 4 ipanims/cry_xlts.xlt
112  50 4 ipanims/bnd_cts_.ct
113  51 4 ipanims/cygscts_.ct
114  52 4 ipanims/rdx_cts_.ct
114  53 4 ipanims/rdx1xlts.xlt
115  54 4 ipanims/co2_cts_.ct
116  55 4 ipanims/eme_cts_.ct
117  56 4 ipanims/rst_cts_.ct
118  57 4 ipanims/h2o_xlts.xlt
119  58 4 ipanims/rdx_cts_.ct
120  59 4 ipanims/h2o_cts_.ct
121  60 4 ipanims/h2o_cts_.ct
122  61 4 ipanims/www_cts_.ct
123  62 4 ipanims/co2_cts_.ct
124  63 4 ipanims/wr1_cts_.ct
125  64 4 ipanims/rub_cts_.ct
126  65 4 ipanims/rrr_cts_.ct
127  66 4 ipanims/bbb_cts_.ct
128  67 4 ipanims/gasg.xlt
129  68 4 ipanims/blugasgi.ct
130  69 4 ipanims/cyagasgi.ct
131  70 4 ipanims/grngasgi.ct
132  71 4 ipanims/grygasgi.ct
133  72 4 ipanims/oragasgi.ct
134  73 4 ipanims/purgasgi.ct
135  74 4 ipanims/redgasgi.ct
136  75 4 ipanims/viogasgi.ct
137  76 4 ipanims/yelgasgi.ct
138   3 3 ipanims/lander.fon
138 288 2 ipanims/landfeff.ani
139  59 2 ipanims/moonbase.ani
139  77 4 ipanims/moonbase.txt
140  60 2 ipanims/maidens.ani
140  78 4 ipanims/maidens.txt
141  79 4 ipanims/chmmrbas.txt
142  61 2 ipanims/aquhelix.ani
142  80 4 ipanims/aquhelix.txt
143  62 2 ipanims/drutrans.ani
143  81 4 ipanims/drutrans.txt
144  63 2 ipanims/taadevic.ani
144  82 4 ipanims/taadevic.txt
145  64 2 ipanims/sundevic.ani
145  83 4 ipanims/sundevic.txt
146  65 2 ipanims/syrvault.ani
146  84 4 ipanims/syrvault.txt
147  66 2 ipanims/urqwreck.ani
147  85 4 ipanims/urqwreck.txt
148  67 2 ipanims/utwbomb.ani
148  86 4 ipanims/utwbomb.txt
149  87 4 ipanims/vuxbeast.txt
150  68 2 ipanims/eggcase.ani
150  88 4 ipanims/eggcase.txt
151  69 2 ipanims/spapluto.ani
151  89 4 ipanims/spapluto.txt
152  90 4 ipanims/burruins.txt
153  91 4 ipanims/andruins.txt
154  92 4 ipanims/sphere.txt
155  93 4 ipanims/spindle.txt
156  70 2 ipanims/ruins.ani
157  94 4 ipanims/ruins.txt
158  71 2 ipanims/umgtrans.ani
158  95 4 ipanims/umgtrans.txt
159   2 6 ipanims/space.mod
160   3 6 ipanims/orbit1.mod
160   4 6 ipanims/orbit2.mod
160   5 6 ipanims/orbit3.mod
160   6 6 ipanims/orbit4.mod
160   7 6 ipanims/orbit5.mod
161  14 6 melee/melemenu.ogg
161  72 2 melee/melebkgd.ani
162  73 2 melee/melee.ani
163   8 6 lbm/redalert.mod
163  74 2 lbm/segue.ani
164  75 2 lbm/pickship.ani
165  25 7 comm/arilou.lst
166  26 7 comm/chmmr.lst
167  27 7 comm/comandr.lst
168  28 7 comm/orz.lst
169  29 7 comm/pkunk.lst
170  30 7 comm/shofixt.lst
171  31 7 comm/spathi.lst
172  32 7 comm/supox.lst
173  33 7 comm/thradd.lst
174  34 7 comm/utwig.lst
175  35 7 comm/vux.lst
176  36 7 comm/yehat.lst
177  37 7 comm/melnorm.lst
178  38 7 comm/druuge.lst
179  39 7 comm/ilwrath.lst
180  40 7 comm/mycon.lst
181  41 7 comm/slyland.lst
182  42 7 comm/umgah.lst
183  43 7 comm/urquan.lst
184  44 7 comm/zoqfot.lst
185  45 7 comm/syreen.lst
186  46 7 comm/blackur.lst
187  47 7 comm/talkpet.lst
188  48 7 comm/slyhome.lst
189   4 3 lbm/player.fon
190  49 7 sis.lst
191  50 7 lastbat.lst
192  51 7 probe.lst
193  15 6 lbm/mainmenu.ogg
193  76 2 lbm/newgame.ani
194  77 2 lbm/modules.ani
195  78 2 lbm/sismods.ani
195  79 2 lbm/outfit.ani
196   9 6 lbm/outfit.mod
197  80 2 lbm/sisblu.ani
197  81 2 lbm/shipyard.ani
197  97 4 lbm/dockpani.ct
198  10 6 lbm/shipyard.mod
199  11 6 lbm/starbase.mod
199  82 2 lbm/starbase.ani
200  83 2 lbm/sam__big.ani
201  84 2 lbm/shie_big.ani
201  85 2 lbm/shie_med.ani
201  86 2 lbm/shie_sml.ani
202  87 2 lbm/ool__big.ani
202  88 2 lbm/ool__med.ani
202  89 2 lbm/ool__sml.ani
203  90 2 lbm/ytt__big.ani
203  91 2 lbm/ytt__med.ani
203  92 2 lbm/ytt__sml.ani
204  93 2 lbm/deg__big.ani
204  94 2 lbm/deg__med.ani
204  95 2 lbm/deg__sml.ani
205  96 2 lbm/lan__big.ani
205  97 2 lbm/lan__med.ani
205  98 2 lbm/lan__sml.ani
206  99 2 lbm/tre__big.ani
206 100 2 lbm/tre__med.ani
206 101 2 lbm/tre__sml.ani
207 102 2 lbm/ure__big.ani
207 103 2 lbm/ure__med.ani
207 104 2 lbm/ure__sml.ani
208 105 2 lbm/mtl__big.ani
208 106 2 lbm/mtl__med.ani
208 107 2 lbm/mtl__sml.ani
209 108 2 lbm/rad__big.ani
209 109 2 lbm/rad__med.ani
209 110 2 lbm/rad__sml.ani
210 111 2 lbm/opa__big.ani
210 112 2 lbm/opa__med.ani
210 113 2 lbm/opa__sml.ani
211 114 2 lbm/cya__big.ani
211 115 2 lbm/cya__med.ani
211 116 2 lbm/cya__sml.ani
212 117 2 lbm/aci__big.ani
212 118 2 lbm/aci__med.ani
212 119 2 lbm/aci__sml.ani
213 120 2 lbm/alk__big.ani
213 121 2 lbm/alk__med.ani
213 122 2 lbm/alk__sml.ani
214 123 2 lbm/hal__big.ani
214 124 2 lbm/hal__med.ani
214 125 2 lbm/hal__sml.ani
215 126 2 lbm/gre__big.ani
215 127 2 lbm/gre__med.ani
215 128 2 lbm/gre__sml.ani
216 129 2 lbm/cop__big.ani
216 130 2 lbm/cop__med.ani
216 131 2 lbm/cop__sml.ani
217 132 2 lbm/car__big.ani
217 133 2 lbm/car__med.ani
217 134 2 lbm/car__sml.ani
218 135 2 lbm/ult__big.ani
218 136 2 lbm/ult__med.ani
218 137 2 lbm/ult__sml.ani
219 138 2 lbm/nob__big.ani
219 139 2 lbm/nob__med.ani
219 140 2 lbm/nob__sml.ani
220 141 2 lbm/azu__big.ani
220 142 2 lbm/azu__med.ani
220 143 2 lbm/azu__sml.ani
221 144 2 lbm/cho__big.ani
221 145 2 lbm/cho__med.ani
221 146 2 lbm/cho__sml.ani
222 147 2 lbm/pur__big.ani
222 148 2 lbm/pur__med.ani
222 149 2 lbm/pur__sml.ani
223 150 2 lbm/sup__big.ani
223 151 2 lbm/sup__med.ani
223 152 2 lbm/sup__sml.ani
224 153 2 lbm/pel__big.ani
224 154 2 lbm/pel__med.ani
224 155 2 lbm/pel__sml.ani
225 156 2 lbm/dus__big.ani
225 157 2 lbm/dus__med.ani
225 158 2 lbm/dus__sml.ani
226 159 2 lbm/mar__big.ani
226 160 2 lbm/mar__med.ani
226 161 2 lbm/mar__sml.ani
227 162 2 lbm/cim__big.ani
227 163 2 lbm/cim__med.ani
227 164 2 lbm/cim__sml.ani
228 165 2 lbm/inf__big.ani
228 166 2 lbm/inf__med.ani
228 167 2 lbm/inf__sml.ani
229 168 2 lbm/sel__big.ani
229 169 2 lbm/sel__med.ani
229 170 2 lbm/sel__sml.ani
230 171 2 lbm/aur__big.ani
230 172 2 lbm/aur__med.ani
230 173 2 lbm/aur__sml.ani
231 174 2 lbm/flu__big.ani
231 175 2 lbm/flu__med.ani
231 176 2 lbm/flu__sml.ani
232 177 2 lbm/ult__big.ani
232 178 2 lbm/ult__med.ani
232 179 2 lbm/ult__sml.ani
233 180 2 lbm/plu__big.ani
233 181 2 lbm/plu__med.ani
233 182 2 lbm/plu__sml.ani
234 183 2 lbm/rai__big.ani
234 184 2 lbm/rai__med.ani
234 185 2 lbm/rai__sml.ani
235 186 2 lbm/cra__big.ani
235 187 2 lbm/cra__med.ani
235 188 2 lbm/cra__sml.ani
236 189 2 lbm/sap__big.ani
236 190 2 lbm/sap__med.ani
236 191 2 lbm/sap__sml.ani
237 192 2 lbm/org__big.ani
237 193 2 lbm/org__med.ani
237 194 2 lbm/org__sml.ani
238 195 2 lbm/xen__big.ani
238 196 2 lbm/xen__med.ani
238 197 2 lbm/xen__sml.ani
239 198 2 lbm/red__big.ani
239 199 2 lbm/red__med.ani
239 200 2 lbm/red__sml.ani
240 201 2 lbm/pri__big.ani
240 202 2 lbm/pri__med.ani
240 203 2 lbm/pri__sml.ani
241 204 2 lbm/eme__big.ani
241 205 2 lbm/eme__med.ani
241 206 2 lbm/eme__sml.ani
242 207 2 lbm/chl__big.ani
242 208 2 lbm/chl__med.ani
242 209 2 lbm/chl__sml.ani
243 210 2 lbm/mgn__big.ani
243 211 2 lbm/mgn__med.ani
243 212 2 lbm/mgn__sml.ani
244 213 2 lbm/wat__big.ani
244 214 2 lbm/wat__med.ani
244 215 2 lbm/wat__sml.ani
245 216 2 lbm/tel__big.ani
245 217 2 lbm/tel__med.ani
245 218 2 lbm/tel__sml.ani
246 219 2 lbm/hyd__big.ani
246 220 2 lbm/hyd__med.ani
246 221 2 lbm/hyd__sml.ani
247 222 2 lbm/iod__big.ani
247 223 2 lbm/iod__med.ani
247 224 2 lbm/iod__sml.ani
248 225 2 lbm/vin__big.ani
248 226 2 lbm/vin__med.ani
248 227 2 lbm/vin__sml.ani
249 228 2 lbm/rub__big.ani
249 229 2 lbm/rub__med.ani
249 230 2 lbm/rub__sml.ani
250 231 2 lbm/mgm__big.ani
250 232 2 lbm/mgm__med.ani
250 233 2 lbm/mgm__sml.ani
251 234 2 lbm/cri__big.ani
251 235 2 lbm/cri__med.ani
251 236 2 lbm/cri__sml.ani
252 237 2 lbm/blg__big.ani
252 238 2 lbm/blg__med.ani
252 239 2 lbm/blg__sml.ani
253 240 2 lbm/cyg__big.ani
253 241 2 lbm/cyg__med.ani
253 242 2 lbm/cyg__sml.ani
254 243 2 lbm/gng__big.ani
254 244 2 lbm/gng__med.ani
254 245 2 lbm/gng__sml.ani
255 246 2 lbm/gyg__big.ani
255 247 2 lbm/gyg__med.ani
255 248 2 lbm/gyg__sml.ani
256 249 2 lbm/org__big.ani
256 250 2 lbm/org__med.ani
256 251 2 lbm/org__sml.ani
257 252 2 lbm/pug__big.ani
257 253 2 lbm/pug__med.ani
257 254 2 lbm/pug__sml.ani
258 255 2 lbm/reg__big.ani
258 256 2 lbm/reg__med.ani
258 257 2 lbm/reg__sml.ani
259 258 2 lbm/vig__big.ani
259 259 2 lbm/vig__med.ani
259 260 2 lbm/vig__sml.ani
260 261 2 lbm/yeg__big.ani
260 262 2 lbm/yeg__med.ani
260 263 2 lbm/yeg__sml.ani
261  12 6 lbm/battle.mod
262 264 2 credits/credback.ani
282  13 6 credits/credits.mod
283 284 2 slides/ending/sis_skel.ani
284 285 2 ipanims/orbenter.ani
285 286 2 lbm/setupmenu.ani
286  98 4 slides/intro/intro.txt
287  99 4 slides/ending/ending.txt
288   5 3 credits/pt13.fon
288   6 3 credits/pt17.fon
288   7 3 credits/pt45.fon
289 100 4 credits/credits.txt
